<html>
<body>
<pre>
<h1>µVision Build Log</h1>
<h2>Tool Versions:</h2>
IDE-Version: µVision V5.17.0.0
Copyright (C) 2015 ARM Ltd and ARM Germany GmbH. All rights reserved.
License Information: Vlad B, K, LIC=----
 
Tool Versions:
Toolchain:       MDK-Lite  Version: 5.17
Toolchain Path:  C:\Keil_v5\ARM\ARMCC\Bin
C Compiler:      Armcc.exe V5.06 update 1 (build 61)
Assembler:       Armasm.exe V5.06 update 1 (build 61)
Linker/Locator:  ArmLink.exe V5.06 update 1 (build 61)
Library Manager: ArmAr.exe V5.06 update 1 (build 61)
Hex Converter:   FromElf.exe V5.06 update 1 (build 61)
CPU DLL:         SARMCM3.DLL V5.17
Dialog DLL:      DCM.DLL V1.13.4.0
Target DLL:      STLink\ST-LINKIII-KEIL_SWO.dll V2.0.18.0
Dialog DLL:      TCM.DLL V1.14.6.0
 
<h2>Project:</h2>
C:\Users\Vladislav\Documents\STM32_Projects\F3_5110LCD\F3_5110LCD\MDK-ARM\F3_5110LCD.uvprojx
Project File Date:  12/18/2015

<h2>Output:</h2>
*** Using Compiler 'V5.06 update 1 (build 61)', folder: 'C:\Keil_v5\ARM\ARMCC\Bin'
Build target 'F3_5110LCD Configuration'
compiling main.c...
../Inc/lcd5110.h(20): warning:  #1295-D: Deprecated declaration lcd_init - give arg types
  void lcd_init();
../Inc/lcd5110.h(22): warning:  #1295-D: Deprecated declaration lcd_clear - give arg types
  void lcd_clear();
../Src/main.c: 2 warnings, 0 errors
compiling LCD5110.c...
../Inc/lcd5110.h(20): warning:  #1295-D: Deprecated declaration lcd_init - give arg types
  void lcd_init();
../Inc/lcd5110.h(22): warning:  #1295-D: Deprecated declaration lcd_clear - give arg types
  void lcd_clear();
..\Src\LCD5110.c(6): warning:  #188-D: enumerated type mixed with another type
  	HAL_GPIO_WritePin(
PIOA, 
IN_DC, data_or_command);
..\Src\LCD5110.c(8): warning:  #188-D: enumerated type mixed with another type
  	HAL_GPIO_WritePin(
PIOA, 
IN_CE, 0);
..\Src\LCD5110.c(10): warning:  #188-D: enumerated type mixed with another type
  	HAL_GPIO_WritePin(
PIOA, 
IN_CE, 0);
..\Src\LCD5110.c(15): warning:  #188-D: enumerated type mixed with another type
  	HAL_GPIO_WritePin(
PIOA, 
IN_RST, 0);
..\Src\LCD5110.c(16): warning:  #188-D: enumerated type mixed with another type
  	HAL_GPIO_WritePin(
PIOA, 
IN_RST, 1);
..\Src\LCD5110.c: 7 warnings, 0 errors
linking...
Program Size: Code=5952 RO-data=952 RW-data=24 ZI-data=1120  
"F3_5110LCD Configuration/\.axf" - 0 Error(s), 9 Warning(s).

<h2>Software Packages used:</h2>

Package Vendor: ARM
                http://www.keil.com/pack/ARM.CMSIS.4.5.0.pack
                ARM::CMSIS:CORE:4.3.0
                CMSIS (Cortex Microcontroller Software Interface Standard)
   * Component: CORE Version: 4.3.0

<h2>Collection of Component include folders:</h2>
  C:\Users\Vladislav\Documents\STM32_Projects\F3_5110LCD\F3_5110LCD\MDK-ARM\RTE
  C:\Keil_v5\ARM\PACK\ARM\CMSIS\4.5.0\CMSIS\Include
  C:\Keil_v5\ARM\PACK\Keil\STM32F3xx_DFP\1.3.0\Device\Include

<h2>Collection of Component Files used:</h2>

   * Component: ARM::CMSIS:CORE:4.3.0
Build Time Elapsed:  00:00:02
</pre>
</body>
</html>
